// Vitest Snapshot v1, https://vitest.dev/guide/snapshot.html

exports[`login route > when logged in failed 1`] = `
{
  "message": "Unauthorized User.",
  "success": false,
}
`;

exports[`login route > when successfull logged in 1`] = `
{
  "message": "Login successful.",
  "success": true,
  "user": {
    "userEmail": "test11@gmail.com",
    "userId": "65e2b9820d04837dfc58f1a9",
    "userName": "test",
  },
}
`;
